2026-08-30T09:32:41.0281878Z Current runner version: '2.336.0'
2026-08-30T09:32:41.0309613Z ##[group]Runner Image Provisioner
2026-08-30T09:32:41.0310482Z Hosted Compute Agent
2026-08-30T09:32:41.0311174Z Version: 20260819.586
2026-08-30T09:32:41.0311887Z Commit: 3cc4a88dfa507ef76119ad1bb3eccc6378bb2b76
2026-08-30T09:32:41.0312734Z Build Date: 2026-08-18T23:20:18Z
2026-08-30T09:32:41.0313508Z Worker ID: {17e70dd0-5b9a-4320-a4da-a4606272768f}
2026-08-30T09:32:41.0314242Z Azure Region: eastus
2026-08-30T09:32:41.0314852Z ##[endgroup]
2026-08-30T09:32:41.0316746Z ##[group]Operating System
2026-08-30T09:32:41.0317661Z Ubuntu
2026-08-30T09:32:41.0318314Z 24.04.4
2026-08-30T09:32:41.0318844Z LTS
2026-08-30T09:32:41.0319359Z ##[endgroup]
2026-08-30T09:32:41.0320033Z ##[group]Runner Image
2026-08-30T09:32:41.0320698Z Image: ubuntu-24.04
2026-08-30T09:32:41.0321320Z Version: 20260823.283.1
2026-08-30T09:32:41.0322621Z Included Software: https://github.com/actions/runner-images/blob/ubuntu24/20260823.283/images/ubuntu/Ubuntu2404-Readme.md
2026-08-30T09:32:41.0324325Z Image Release: https://github.com/actions/runner-images/releases/tag/ubuntu24%2F20260823.283
2026-08-30T09:32:41.0325334Z ##[endgroup]
2026-08-30T09:32:41.0326599Z ##[group]GITHUB_TOKEN Permissions
2026-08-30T09:32:41.0329135Z Contents: read
2026-08-30T09:32:41.0329927Z Metadata: read
2026-08-30T09:32:41.0330583Z Packages: read
2026-08-30T09:32:41.0331537Z ##[endgroup]
2026-08-30T09:32:41.0333833Z Secret source: Actions
2026-08-30T09:32:41.0335455Z Prepare workflow directory
2026-08-30T09:32:41.0734509Z Prepare all required actions
2026-08-30T09:32:41.0784058Z Getting action download info
2026-08-30T09:32:41.2663320Z Download action repository 'actions/checkout@v4' (SHA:11d5960a326750d5838078e36cf38b85af677262)
2026-08-30T09:32:41.3940740Z Download action repository 'dtolnay/rust-toolchain@stable' (SHA:4360b52568e2003a75bf9bc1d59f33a8e3fc893c)
2026-08-30T09:32:41.4822600Z Download action repository 'Swatinem/rust-cache@v2' (SHA:6323deb102c322ba6fcbdcafc7e3dddab59af2b6)
2026-08-30T09:32:41.7902292Z Complete job name: Test
2026-08-30T09:32:41.8674122Z Node 20 is being deprecated. This workflow is running with Node 24 by default. If you need to temporarily use Node 20, you can set the ACTIONS_ALLOW_USE_UNSECURE_NODE_VERSION=true environment variable. For more information see: https://github.blog/changelog/2025-09-19-deprecation-of-node-20-on-github-actions-runners/
2026-08-30T09:32:41.8683324Z ##[group]Run actions/checkout@v4
2026-08-30T09:32:41.8684100Z with:
2026-08-30T09:32:41.8684570Z   repository: nikcodex/Kizunalink
2026-08-30T09:32:41.8688906Z   token: ***
2026-08-30T09:32:41.8689373Z   ssh-strict: true
2026-08-30T09:32:41.8689824Z   ssh-user: git
2026-08-30T09:32:41.8690290Z   persist-credentials: true
2026-08-30T09:32:41.8690799Z   clean: true
2026-08-30T09:32:41.8691256Z   sparse-checkout-cone-mode: true
2026-08-30T09:32:41.8691780Z   fetch-depth: 1
2026-08-30T09:32:41.8692218Z   fetch-tags: false
2026-08-30T09:32:41.8692672Z   show-progress: true
2026-08-30T09:32:41.8693121Z   lfs: false
2026-08-30T09:32:41.8693600Z   submodules: false
2026-08-30T09:32:41.8694061Z   set-safe-directory: true
2026-08-30T09:32:41.8694575Z   allow-unsafe-pr-checkout: false
2026-08-30T09:32:41.8695371Z env:
2026-08-30T09:32:41.8695799Z   CARGO_TERM_COLOR: always
2026-08-30T09:32:41.8696283Z ##[endgroup]
2026-08-30T09:32:41.9766110Z Syncing repository: nikcodex/Kizunalink
2026-08-30T09:32:41.9769290Z ##[group]Getting Git version info
2026-08-30T09:32:41.9770552Z Working directory is '/home/runner/work/Kizunalink/Kizunalink'
2026-08-30T09:32:41.9772493Z [command]/usr/bin/git version
2026-08-30T09:32:41.9851027Z git version 2.55.0
2026-08-30T09:32:41.9878273Z ##[endgroup]
2026-08-30T09:32:41.9910942Z Temporarily overriding HOME='/home/runner/work/_temp/c990f9cd-be1b-4f0c-aaf0-eab2d9a0059f' before making global git config changes
2026-08-30T09:32:41.9913888Z Adding repository directory to the temporary git global config as a safe directory
2026-08-30T09:32:41.9920748Z [command]/usr/bin/git config --global --add safe.directory /home/runner/work/Kizunalink/Kizunalink
2026-08-30T09:32:41.9976809Z Deleting the contents of '/home/runner/work/Kizunalink/Kizunalink'
2026-08-30T09:32:41.9983684Z ##[group]Initializing the repository
2026-08-30T09:32:41.9990444Z [command]/usr/bin/git init /home/runner/work/Kizunalink/Kizunalink
2026-08-30T09:32:42.0097292Z hint: Using 'master' as the name for the initial branch. This default branch name
2026-08-30T09:32:42.0099736Z hint: will change to "main" in Git 3.0. To configure the initial branch name
2026-08-30T09:32:42.0101705Z hint: to use in all of your new repositories, which will suppress this warning,
2026-08-30T09:32:42.0103179Z hint: call:
2026-08-30T09:32:42.0104015Z hint:
2026-08-30T09:32:42.0105121Z hint: 	git config --global init.defaultBranch <name>
2026-08-30T09:32:42.0106394Z hint:
2026-08-30T09:32:42.0107735Z hint: Names commonly chosen instead of 'master' are 'main', 'trunk' and
2026-08-30T09:32:42.0109507Z hint: 'development'. The just-created branch can be renamed via this command:
2026-08-30T09:32:42.0111236Z hint:
2026-08-30T09:32:42.0112226Z hint: 	git branch -m <name>
2026-08-30T09:32:42.0113255Z hint:
2026-08-30T09:32:42.0114529Z hint: Disable this message with "git config set advice.defaultBranchName false"
2026-08-30T09:32:42.0116730Z Initialized empty Git repository in /home/runner/work/Kizunalink/Kizunalink/.git/
2026-08-30T09:32:42.0120571Z [command]/usr/bin/git remote add origin https://github.com/nikcodex/Kizunalink
2026-08-30T09:32:42.0188211Z ##[endgroup]
2026-08-30T09:32:42.0189571Z ##[group]Disabling automatic garbage collection
2026-08-30T09:32:42.0194262Z [command]/usr/bin/git config --local gc.auto 0
2026-08-30T09:32:42.0270085Z ##[endgroup]
2026-08-30T09:32:42.0271794Z ##[group]Setting up auth
2026-08-30T09:32:42.0283282Z [command]/usr/bin/git config --local --name-only --get-regexp core\.sshCommand
2026-08-30T09:32:42.0362085Z [command]/usr/bin/git submodule foreach --recursive sh -c "git config --local --name-only --get-regexp 'core\.sshCommand' && git config --local --unset-all 'core.sshCommand' || :"
2026-08-30T09:32:42.0838563Z [command]/usr/bin/git config --local --name-only --get-regexp http\.https\:\/\/github\.com\/\.extraheader
2026-08-30T09:32:42.0893017Z [command]/usr/bin/git submodule foreach --recursive sh -c "git config --local --name-only --get-regexp 'http\.https\:\/\/github\.com\/\.extraheader' && git config --local --unset-all 'http.https://github.com/.extraheader' || :"
2026-08-30T09:32:42.1154524Z [command]/usr/bin/git config --local --name-only --get-regexp ^includeIf\.gitdir:
2026-08-30T09:32:42.1201897Z [command]/usr/bin/git submodule foreach --recursive git config --local --show-origin --name-only --get-regexp remote.origin.url
2026-08-30T09:32:42.1454522Z [command]/usr/bin/git config --local http.https://github.com/.extraheader AUTHORIZATION: basic ***
2026-08-30T09:32:42.1496684Z ##[endgroup]
2026-08-30T09:32:42.1506841Z ##[group]Fetching the repository
2026-08-30T09:32:42.1508917Z [command]/usr/bin/git -c protocol.version=2 fetch --no-tags --prune --no-recurse-submodules --depth=1 origin +2bc74d30c87597c29eeddd2d5ce7dc9ff4a890fc:refs/remotes/origin/main
2026-08-30T09:32:42.4205280Z From https://github.com/nikcodex/Kizunalink
2026-08-30T09:32:42.4207909Z  * [new ref]         2bc74d30c87597c29eeddd2d5ce7dc9ff4a890fc -> origin/main
2026-08-30T09:32:42.4213093Z ##[endgroup]
2026-08-30T09:32:42.4216302Z ##[group]Determining the checkout info
2026-08-30T09:32:42.4218419Z ##[endgroup]
2026-08-30T09:32:42.4220601Z [command]/usr/bin/git sparse-checkout disable
2026-08-30T09:32:42.4278772Z [command]/usr/bin/git config --local --unset-all extensions.worktreeConfig
2026-08-30T09:32:42.4314283Z ##[group]Checking out the ref
2026-08-30T09:32:42.4321849Z [command]/usr/bin/git checkout --progress --force -B main refs/remotes/origin/main
2026-08-30T09:32:42.4460207Z Switched to a new branch 'main'
2026-08-30T09:32:42.4464186Z branch 'main' set up to track 'origin/main'.
2026-08-30T09:32:42.4471306Z ##[endgroup]
2026-08-30T09:32:42.4517876Z [command]/usr/bin/git log -1 --format=%H
2026-08-30T09:32:42.4545915Z 2bc74d30c87597c29eeddd2d5ce7dc9ff4a890fc
2026-08-30T09:32:42.5276713Z ##[group]Run dtolnay/rust-toolchain@stable
2026-08-30T09:32:42.5278198Z with:
2026-08-30T09:32:42.5279022Z   toolchain: stable
2026-08-30T09:32:42.5279864Z env:
2026-08-30T09:32:42.5280660Z   CARGO_TERM_COLOR: always
2026-08-30T09:32:42.5281580Z ##[endgroup]
2026-08-30T09:32:42.5372553Z ##[start-action display=Parse toolchain version;id=__dtolnay_rust-toolchain.parse]
2026-08-30T09:32:42.5453424Z ##[group]Run if [[ -z $toolchain ]]; then
2026-08-30T09:32:42.5454671Z [36;1mif [[ -z $toolchain ]]; then[0m
2026-08-30T09:32:42.5456554Z [36;1m  # GitHub does not enforce `required: true` inputs itself. https://github.com/actions/runner/issues/1070[0m
2026-08-30T09:32:42.5458775Z [36;1m  echo "'toolchain' is a required input" >&2[0m
2026-08-30T09:32:42.5459913Z [36;1m  exit 1[0m
2026-08-30T09:32:42.5461157Z [36;1melif [[ $toolchain =~ ^stable' '[0-9]+' '(year|month|week|day)s?' 'ago$ ]]; then[0m
2026-08-30T09:32:42.5462734Z [36;1m  if [[ Linux == macOS ]]; then[0m
2026-08-30T09:32:42.5464721Z [36;1m    echo "toolchain=1.$((($(date -v-$(sed 's/stable \([0-9]*\) \(.\).*/\1\2/' <<< $toolchain) +%s)/60/60/24-16569)/7/6))" >> $GITHUB_OUTPUT[0m
2026-08-30T09:32:42.5466652Z [36;1m  else[0m
2026-08-30T09:32:42.5468322Z [36;1m    echo "toolchain=1.$((($(date --date "${toolchain#stable }" +%s)/60/60/24-16569)/7/6))" >> $GITHUB_OUTPUT[0m
2026-08-30T09:32:42.5470053Z [36;1m  fi[0m
2026-08-30T09:32:42.5471183Z [36;1melif [[ $toolchain =~ ^stable' 'minus' '[0-9]+' 'releases?$ ]]; then[0m
2026-08-30T09:32:42.5473119Z [36;1m  echo "toolchain=1.$((($(date +%s)/60/60/24-16569)/7/6-${toolchain//[^0-9]/}))" >> $GITHUB_OUTPUT[0m
2026-08-30T09:32:42.5474841Z [36;1melif [[ $toolchain =~ ^1\.[0-9]+$ ]]; then[0m
2026-08-30T09:32:42.5476803Z [36;1m  echo "toolchain=1.$((i=${toolchain#1.}, c=($(date +%s)/60/60/24-16569)/7/6, i+9*i*(10*i<=c)+90*i*(100*i<=c)))" >> $GITHUB_OUTPUT[0m
2026-08-30T09:32:42.5478805Z [36;1melse[0m
2026-08-30T09:32:42.5479760Z [36;1m  echo "toolchain=$toolchain" >> $GITHUB_OUTPUT[0m
2026-08-30T09:32:42.5480934Z [36;1mfi[0m
2026-08-30T09:32:42.5525963Z shell: /usr/bin/bash --noprofile --norc -e -o pipefail {0}
2026-08-30T09:32:42.5527265Z env:
2026-08-30T09:32:42.5528301Z   CARGO_TERM_COLOR: always
2026-08-30T09:32:42.5529206Z   toolchain: stable
2026-08-30T09:32:42.5530009Z ##[endgroup]
2026-08-30T09:32:42.5664155Z ##[end-action id=__dtolnay_rust-toolchain.parse;outcome=success;conclusion=success;duration_ms=28]
2026-08-30T09:32:42.5682708Z ##[start-action display=Construct rustup command line;id=__dtolnay_rust-toolchain.flags]
2026-08-30T09:32:42.5732469Z ##[group]Run echo "targets=$(for t in ${targets//,/ }; do echo -n ' --target' $t; done)" >> $GITHUB_OUTPUT
2026-08-30T09:32:42.5734785Z [36;1mecho "targets=$(for t in ${targets//,/ }; do echo -n ' --target' $t; done)" >> $GITHUB_OUTPUT[0m
2026-08-30T09:32:42.5737059Z [36;1mecho "components=$(for c in ${components//,/ }; do echo -n ' --component' $c; done)" >> $GITHUB_OUTPUT[0m
2026-08-30T09:32:42.5739251Z [36;1mecho "downgrade=" >> $GITHUB_OUTPUT[0m
2026-08-30T09:32:42.5778194Z shell: /usr/bin/bash --noprofile --norc -e -o pipefail {0}
2026-08-30T09:32:42.5779409Z env:
2026-08-30T09:32:42.5780129Z   CARGO_TERM_COLOR: always
2026-08-30T09:32:42.5781017Z   targets: 
2026-08-30T09:32:42.5781736Z   components: 
2026-08-30T09:32:42.5782469Z ##[endgroup]
2026-08-30T09:32:42.5876595Z ##[end-action id=__dtolnay_rust-toolchain.flags;outcome=success;conclusion=success;duration_ms=19]
2026-08-30T09:32:42.5883725Z ##[start-action display=Set $CARGO_HOME;id=__dtolnay_rust-toolchain.__run]
2026-08-30T09:32:42.5922236Z ##[group]Run echo CARGO_HOME=${CARGO_HOME:-"$HOME/.cargo"} >> $GITHUB_ENV
2026-08-30T09:32:42.5923873Z [36;1mecho CARGO_HOME=${CARGO_HOME:-"$HOME/.cargo"} >> $GITHUB_ENV[0m
2026-08-30T09:32:42.5963005Z shell: /usr/bin/bash --noprofile --norc -e -o pipefail {0}
2026-08-30T09:32:42.5964203Z env:
2026-08-30T09:32:42.5965086Z   CARGO_TERM_COLOR: always
2026-08-30T09:32:42.5965925Z ##[endgroup]
2026-08-30T09:32:42.6048373Z ##[end-action id=__dtolnay_rust-toolchain.__run;outcome=success;conclusion=success;duration_ms=16]
2026-08-30T09:32:42.6054618Z ##[start-action display=Install rustup if needed;id=__dtolnay_rust-toolchain.__run_2]
2026-08-30T09:32:42.6102939Z ##[group]Run if ! command -v rustup &>/dev/null; then
2026-08-30T09:32:42.6104195Z [36;1mif ! command -v rustup &>/dev/null; then[0m
2026-08-30T09:32:42.6106732Z [36;1m  curl --proto '=https' --tlsv1.2 --retry 10 --retry-connrefused --location --silent --show-error --fail https://sh.rustup.rs | sh -s -- --default-toolchain none -y[0m
2026-08-30T09:32:42.6109647Z [36;1m  echo "$CARGO_HOME/bin" >> $GITHUB_PATH[0m
2026-08-30T09:32:42.6110714Z [36;1mfi[0m
2026-08-30T09:32:42.6147027Z shell: /usr/bin/bash --noprofile --norc -e -o pipefail {0}
2026-08-30T09:32:42.6148527Z env:
2026-08-30T09:32:42.6149235Z   CARGO_TERM_COLOR: always
2026-08-30T09:32:42.6150122Z   CARGO_HOME: /home/runner/.cargo
2026-08-30T09:32:42.6151033Z ##[endgroup]
2026-08-30T09:32:42.6230682Z ##[end-action id=__dtolnay_rust-toolchain.__run_2;outcome=success;conclusion=success;duration_ms=17]
2026-08-30T09:32:42.6236893Z ##[start-action display=Install rustup if needed on windows;id=__dtolnay_rust-toolchain.__run_3]
2026-08-30T09:32:42.6252016Z ##[end-action id=__dtolnay_rust-toolchain.__run_3;outcome=skipped;conclusion=skipped;duration_ms=0]
2026-08-30T09:32:42.6268880Z ##[start-action display=rustup toolchain install stable;id=__dtolnay_rust-toolchain.__run_4]
2026-08-30T09:32:42.6306083Z ##[group]Run rustup toolchain install stable --profile minimal --no-self-update
2026-08-30T09:32:42.6308286Z [36;1mrustup toolchain install stable --profile minimal --no-self-update[0m
2026-08-30T09:32:42.6346093Z shell: /usr/bin/bash --noprofile --norc -e -o pipefail {0}
2026-08-30T09:32:42.6347285Z env:
2026-08-30T09:32:42.6348324Z   CARGO_TERM_COLOR: always
2026-08-30T09:32:42.6349203Z   CARGO_HOME: /home/runner/.cargo
2026-08-30T09:32:42.6350155Z   RUSTUP_PERMIT_COPY_RENAME: 1
2026-08-30T09:32:42.6351032Z ##[endgroup]
2026-08-30T09:32:42.8219657Z info: syncing channel updates for stable-x86_64-unknown-linux-gnu
2026-08-30T09:32:42.8995014Z 
2026-08-30T09:32:42.9082955Z   stable-x86_64-unknown-linux-gnu unchanged - rustc 1.98.0 (88d9e12ae 2026-08-18)
2026-08-30T09:32:42.9083654Z 
2026-08-30T09:32:42.9114439Z ##[end-action id=__dtolnay_rust-toolchain.__run_4;outcome=success;conclusion=success;duration_ms=284]
2026-08-30T09:32:42.9120659Z ##[start-action display=rustup default stable;id=__dtolnay_rust-toolchain.__run_5]
2026-08-30T09:32:42.9145075Z ##[group]Run rustup default stable
2026-08-30T09:32:42.9145664Z [36;1mrustup default stable[0m
2026-08-30T09:32:42.9185023Z shell: /usr/bin/bash --noprofile --norc -e -o pipefail {0}
2026-08-30T09:32:42.9185697Z env:
2026-08-30T09:32:42.9186164Z   CARGO_TERM_COLOR: always
2026-08-30T09:32:42.9186695Z   CARGO_HOME: /home/runner/.cargo
2026-08-30T09:32:42.9187232Z ##[endgroup]
2026-08-30T09:32:42.9306506Z info: using existing install for stable-x86_64-unknown-linux-gnu
2026-08-30T09:32:42.9314127Z info: default toolchain set to stable-x86_64-unknown-linux-gnu
2026-08-30T09:32:42.9314873Z 
2026-08-30T09:32:42.9400187Z   stable-x86_64-unknown-linux-gnu unchanged - rustc 1.98.0 (88d9e12ae 2026-08-18)
2026-08-30T09:32:42.9400941Z 
2026-08-30T09:32:42.9420406Z ##[end-action id=__dtolnay_rust-toolchain.__run_5;outcome=success;conclusion=success;duration_ms=29]
2026-08-30T09:32:42.9424973Z ##[start-action display=Create cachekey;id=__dtolnay_rust-toolchain.rustc-version]
2026-08-30T09:32:42.9451227Z ##[group]Run DATE=$(rustc +stable --version --verbose | sed -ne 's/^commit-date: \(20[0-9][0-9]\)-\([01][0-9]\)-\([0-3][0-9]\)$/\1\2\3/p')
2026-08-30T09:32:42.9452399Z [36;1mDATE=$(rustc +stable --version --verbose | sed -ne 's/^commit-date: \(20[0-9][0-9]\)-\([01][0-9]\)-\([0-3][0-9]\)$/\1\2\3/p')[0m
2026-08-30T09:32:42.9453342Z [36;1mHASH=$(rustc +stable --version --verbose | sed -ne 's/^commit-hash: //p')[0m
2026-08-30T09:32:42.9454412Z [36;1mecho "cachekey=$(echo $DATE$HASH | head -c12)" >> $GITHUB_OUTPUT[0m
2026-08-30T09:32:42.9493526Z shell: /usr/bin/bash --noprofile --norc -e -o pipefail {0}
2026-08-30T09:32:42.9494092Z env:
2026-08-30T09:32:42.9494473Z   CARGO_TERM_COLOR: always
2026-08-30T09:32:42.9494931Z   CARGO_HOME: /home/runner/.cargo
2026-08-30T09:32:42.9495390Z ##[endgroup]
2026-08-30T09:32:42.9920241Z ##[end-action id=__dtolnay_rust-toolchain.rustc-version;outcome=success;conclusion=success;duration_ms=49]
2026-08-30T09:32:42.9924764Z ##[start-action display=Disable incremental compilation;id=__dtolnay_rust-toolchain.__run_6]
2026-08-30T09:32:42.9948842Z ##[group]Run if [ -z "${CARGO_INCREMENTAL+set}" ]; then
2026-08-30T09:32:42.9949456Z [36;1mif [ -z "${CARGO_INCREMENTAL+set}" ]; then[0m
2026-08-30T09:32:42.9949992Z [36;1m  echo CARGO_INCREMENTAL=0 >> $GITHUB_ENV[0m
2026-08-30T09:32:42.9950482Z [36;1mfi[0m
2026-08-30T09:32:42.9989350Z shell: /usr/bin/bash --noprofile --norc -e -o pipefail {0}
2026-08-30T09:32:42.9989944Z env:
2026-08-30T09:32:42.9990341Z   CARGO_TERM_COLOR: always
2026-08-30T09:32:42.9990794Z   CARGO_HOME: /home/runner/.cargo
2026-08-30T09:32:42.9991234Z ##[endgroup]
2026-08-30T09:32:43.0067137Z ##[end-action id=__dtolnay_rust-toolchain.__run_6;outcome=success;conclusion=success;duration_ms=14]
2026-08-30T09:32:43.0071600Z ##[start-action display=Enable colors in Cargo output;id=__dtolnay_rust-toolchain.__run_7]
2026-08-30T09:32:43.0120994Z ##[group]Run if [ -z "${CARGO_TERM_COLOR+set}" ]; then
2026-08-30T09:32:43.0121631Z [36;1mif [ -z "${CARGO_TERM_COLOR+set}" ]; then[0m
2026-08-30T09:32:43.0122202Z [36;1m  echo CARGO_TERM_COLOR=always >> $GITHUB_ENV[0m
2026-08-30T09:32:43.0122714Z [36;1mfi[0m
2026-08-30T09:32:43.0161696Z shell: /usr/bin/bash --noprofile --norc -e -o pipefail {0}
2026-08-30T09:32:43.0162285Z env:
2026-08-30T09:32:43.0162694Z   CARGO_TERM_COLOR: always
2026-08-30T09:32:43.0163163Z   CARGO_HOME: /home/runner/.cargo
2026-08-30T09:32:43.0163659Z   CARGO_INCREMENTAL: 0
2026-08-30T09:32:43.0164079Z ##[endgroup]
2026-08-30T09:32:43.0239764Z ##[end-action id=__dtolnay_rust-toolchain.__run_7;outcome=success;conclusion=success;duration_ms=16]
2026-08-30T09:32:43.0243746Z ##[start-action display=Enable Cargo sparse registry;id=__dtolnay_rust-toolchain.__run_8]
2026-08-30T09:32:43.0270009Z ##[group]Run # implemented in 1.66, stabilized in 1.68, made default in 1.70
2026-08-30T09:32:43.0270804Z [36;1m# implemented in 1.66, stabilized in 1.68, made default in 1.70[0m
2026-08-30T09:32:43.0271825Z [36;1mif [ -z "${CARGO_REGISTRIES_CRATES_IO_PROTOCOL+set}" -o -f "/home/runner/work/_temp"/.implicit_cargo_registries_crates_io_protocol ]; then[0m
2026-08-30T09:32:43.0272864Z [36;1m  if rustc +stable --version --verbose | grep -q '^release: 1\.6[89]\.'; then[0m
2026-08-30T09:32:43.0273706Z [36;1m    touch "/home/runner/work/_temp"/.implicit_cargo_registries_crates_io_protocol || true[0m
2026-08-30T09:32:43.0274511Z [36;1m    echo CARGO_REGISTRIES_CRATES_IO_PROTOCOL=sparse >> $GITHUB_ENV[0m
2026-08-30T09:32:43.0275298Z [36;1m  elif rustc +stable --version --verbose | grep -q '^release: 1\.6[67]\.'; then[0m
2026-08-30T09:32:43.0276138Z [36;1m    touch "/home/runner/work/_temp"/.implicit_cargo_registries_crates_io_protocol || true[0m
2026-08-30T09:32:43.0276934Z [36;1m    echo CARGO_REGISTRIES_CRATES_IO_PROTOCOL=git >> $GITHUB_ENV[0m
2026-08-30T09:32:43.0277803Z [36;1m  fi[0m
2026-08-30T09:32:43.0278222Z [36;1mfi[0m
2026-08-30T09:32:43.0316885Z shell: /usr/bin/bash --noprofile --norc -e -o pipefail {0}
2026-08-30T09:32:43.0317848Z env:
2026-08-30T09:32:43.0318276Z   CARGO_TERM_COLOR: always
2026-08-30T09:32:43.0318752Z   CARGO_HOME: /home/runner/.cargo
2026-08-30T09:32:43.0319221Z   CARGO_INCREMENTAL: 0
2026-08-30T09:32:43.0319630Z ##[endgroup]
2026-08-30T09:32:43.0692925Z ##[end-action id=__dtolnay_rust-toolchain.__run_8;outcome=success;conclusion=success;duration_ms=44]
2026-08-30T09:32:43.0698854Z ##[start-action display=Work around spurious network errors in curl 8.0;id=__dtolnay_rust-toolchain.__run_9]
2026-08-30T09:32:43.0725801Z ##[group]Run # https://rust-lang.zulipchat.com/#narrow/stream/246057-t-cargo/topic/timeout.20investigation
2026-08-30T09:32:43.0726919Z [36;1m# https://rust-lang.zulipchat.com/#narrow/stream/246057-t-cargo/topic/timeout.20investigation[0m
2026-08-30T09:32:43.0728217Z [36;1mif rustc +stable --version --verbose | grep -q '^release: 1\.7[01]\.'; then[0m
2026-08-30T09:32:43.0728947Z [36;1m  echo CARGO_HTTP_MULTIPLEXING=false >> $GITHUB_ENV[0m
2026-08-30T09:32:43.0729505Z [36;1mfi[0m
2026-08-30T09:32:43.0768212Z shell: /usr/bin/bash --noprofile --norc -e -o pipefail {0}
2026-08-30T09:32:43.0768789Z env:
2026-08-30T09:32:43.0769195Z   CARGO_TERM_COLOR: always
2026-08-30T09:32:43.0769663Z   CARGO_HOME: /home/runner/.cargo
2026-08-30T09:32:43.0770164Z   CARGO_INCREMENTAL: 0
2026-08-30T09:32:43.0770599Z ##[endgroup]
2026-08-30T09:32:43.0997865Z ##[end-action id=__dtolnay_rust-toolchain.__run_9;outcome=success;conclusion=success;duration_ms=29]
2026-08-30T09:32:43.1004793Z ##[start-action display=rustc +stable --version --verbose;id=__dtolnay_rust-toolchain.__run_10]
2026-08-30T09:32:43.1031694Z ##[group]Run rustc +stable --version --verbose
2026-08-30T09:32:43.1032280Z [36;1mrustc +stable --version --verbose[0m
2026-08-30T09:32:43.1072245Z shell: /usr/bin/bash --noprofile --norc -e -o pipefail {0}
2026-08-30T09:32:43.1072836Z env:
2026-08-30T09:32:43.1073241Z   CARGO_TERM_COLOR: always
2026-08-30T09:32:43.1073691Z   CARGO_HOME: /home/runner/.cargo
2026-08-30T09:32:43.1074143Z   CARGO_INCREMENTAL: 0
2026-08-30T09:32:43.1074555Z ##[endgroup]
2026-08-30T09:32:43.1274741Z rustc 1.98.0 (88d9e12ae 2026-08-18)
2026-08-30T09:32:43.1275644Z binary: rustc
2026-08-30T09:32:43.1276358Z commit-hash: 88d9e12ae178fab0fb5cc050a94da85685d449ea
2026-08-30T09:32:43.1278057Z commit-date: 2026-08-18
2026-08-30T09:32:43.1279269Z host: x86_64-unknown-linux-gnu
2026-08-30T09:32:43.1280515Z release: 1.98.0
2026-08-30T09:32:43.1281671Z LLVM version: 22.1.8
2026-08-30T09:32:43.1303504Z ##[end-action id=__dtolnay_rust-toolchain.__run_10;outcome=success;conclusion=success;duration_ms=29]
2026-08-30T09:32:43.1439601Z ##[group]Run Swatinem/rust-cache@v2
2026-08-30T09:32:43.1440141Z with:
2026-08-30T09:32:43.1440528Z   prefix-key: v0-rust
2026-08-30T09:32:43.1440953Z   add-job-id-key: true
2026-08-30T09:32:43.1441401Z   add-rust-environment-hash-key: true
2026-08-30T09:32:43.1441925Z   cache-targets: true
2026-08-30T09:32:43.1442346Z   cache-all-crates: false
2026-08-30T09:32:43.1442780Z   cache-workspace-crates: false
2026-08-30T09:32:43.1443225Z   save-if: true
2026-08-30T09:32:43.1443626Z   cache-provider: github
2026-08-30T09:32:43.1444041Z   cache-bin: true
2026-08-30T09:32:43.1444444Z   lookup-only: false
2026-08-30T09:32:43.1444845Z   cmd-format: {0}
2026-08-30T09:32:43.1445218Z env:
2026-08-30T09:32:43.1445584Z   CARGO_TERM_COLOR: always
2026-08-30T09:32:43.1446022Z   CARGO_HOME: /home/runner/.cargo
2026-08-30T09:32:43.1446468Z   CARGO_INCREMENTAL: 0
2026-08-30T09:32:43.1446887Z ##[endgroup]
2026-08-30T09:32:43.5322456Z ##[group]Cache Configuration
2026-08-30T09:32:43.5324391Z Cache Provider:
2026-08-30T09:32:43.5325151Z     github
2026-08-30T09:32:43.5325828Z Workspaces:
2026-08-30T09:32:43.5326566Z     /home/runner/work/Kizunalink/Kizunalink
2026-08-30T09:32:43.5327819Z Cache Paths:
2026-08-30T09:32:43.5328595Z     /home/runner/.cargo/bin
2026-08-30T09:32:43.5329395Z     /home/runner/.cargo/.crates.toml
2026-08-30T09:32:43.5330262Z     /home/runner/.cargo/.crates2.json
2026-08-30T09:32:43.5331118Z     /home/runner/.cargo/registry
2026-08-30T09:32:43.5331962Z     /home/runner/.cargo/git
2026-08-30T09:32:43.5332901Z     /home/runner/work/Kizunalink/Kizunalink/target
2026-08-30T09:32:43.5333775Z Restore Key:
2026-08-30T09:32:43.5334452Z     v0-rust-test-Linux-x64-0b9fd15e
2026-08-30T09:32:43.5335262Z Cache Key:
2026-08-30T09:32:43.5336180Z     v0-rust-test-Linux-x64-0b9fd15e-50d17467
2026-08-30T09:32:43.5337069Z .. Prefix:
2026-08-30T09:32:43.5338659Z   - v0-rust-test-Linux-x64
2026-08-30T09:32:43.5339476Z .. Environment considered:
2026-08-30T09:32:43.5340272Z   - Rust Versions:
2026-08-30T09:32:43.5341265Z     - 1.98.0 x86_64-unknown-linux-gnu 88d9e12ae178fab0fb5cc050a94da85685d449ea
2026-08-30T09:32:43.5342433Z   - CARGO_HOME
2026-08-30T09:32:43.5343219Z   - CARGO_INCREMENTAL
2026-08-30T09:32:43.5343999Z   - CARGO_TERM_COLOR
2026-08-30T09:32:43.5344809Z .. Lockfiles considered:
2026-08-30T09:32:43.5345724Z   - /home/runner/work/Kizunalink/Kizunalink/Cargo.toml
2026-08-30T09:32:43.5346904Z   - /home/runner/work/Kizunalink/Kizunalink/kizuna-voice/Cargo.toml
2026-08-30T09:32:43.5348772Z ##[endgroup]
2026-08-30T09:32:43.5349250Z 
2026-08-30T09:32:43.5349639Z ... Restoring cache ...
2026-08-30T09:32:43.5909745Z Cache hit for: v0-rust-test-Linux-x64-0b9fd15e-50d17467
2026-08-30T09:32:44.6439052Z Received 155189248 of 512415976 (30.3%), 148.0 MBs/sec
2026-08-30T09:32:45.6469177Z Received 398458880 of 512415976 (77.8%), 189.9 MBs/sec
2026-08-30T09:32:46.2259956Z Received 512415976 of 512415976 (100.0%), 189.3 MBs/sec
2026-08-30T09:32:46.2264235Z Cache Size: ~489 MB (512415976 B)
2026-08-30T09:32:46.2378554Z [command]/usr/bin/tar -xf /home/runner/work/_temp/6344cac4-cd6f-40c4-a3e7-c967eb8ebb44/cache.tzst -P -C /home/runner/work/Kizunalink/Kizunalink --use-compress-program unzstd
2026-08-30T09:32:49.6767596Z Cache restored successfully
2026-08-30T09:32:49.7023358Z Restored from cache key "v0-rust-test-Linux-x64-0b9fd15e-50d17467" full match: true.
2026-08-30T09:32:49.7242547Z ##[group]Run cargo test --workspace --all-features
2026-08-30T09:32:49.7243487Z [36;1mcargo test --workspace --all-features[0m
2026-08-30T09:32:49.7298870Z shell: /usr/bin/bash -e {0}
2026-08-30T09:32:49.7299278Z env:
2026-08-30T09:32:49.7299602Z   CARGO_TERM_COLOR: always
2026-08-30T09:32:49.7300009Z   CARGO_HOME: /home/runner/.cargo
2026-08-30T09:32:49.7300469Z   CARGO_INCREMENTAL: 0
2026-08-30T09:32:49.7300852Z   CACHE_ON_FAILURE: false
2026-08-30T09:32:49.7301222Z ##[endgroup]
2026-08-30T09:32:50.4178177Z [1m[92m    Updating[0m crates.io index
2026-08-30T09:32:51.7679919Z [1m[92m     Locking[0m 436 packages to latest compatible versions
2026-08-30T09:32:51.7703688Z [1m[92m      Adding[0m aes-gcm v0.10.3 [1m[33m(available: v0.11.1)[0m
2026-08-30T09:32:51.7863174Z [1m[92m      Adding[0m axum v0.7.9 [1m[33m(available: v0.8.9)[0m
2026-08-30T09:32:51.7895310Z [1m[92m      Adding[0m base64 v0.22.1 [1m[33m(available: v0.23.1)[0m
2026-08-30T09:32:51.8112966Z [1m[92m      Adding[0m dashmap v5.5.3 [1m[33m(available: v6.2.1)[0m
2026-08-30T09:32:51.8250962Z [1m[92m      Adding[0m generic-array v0.14.7 [1m[33m(available: v0.14.9)[0m
2026-08-30T09:32:51.8330482Z [1m[92m      Adding[0m hkdf v0.12.4 [1m[33m(available: v0.13.0)[0m
2026-08-30T09:32:51.8335084Z [1m[92m      Adding[0m hmac v0.12.1 [1m[33m(available: v0.13.0)[0m
2026-08-30T09:32:51.8539951Z [1m[92m      Adding[0m libloading v0.8.9 [1m[33m(available: v0.9.0)[0m
2026-08-30T09:32:51.8749685Z [1m[92m      Adding[0m prometheus v0.13.4 [1m[33m(available: v0.14.0)[0m
2026-08-30T09:32:51.8773096Z [1m[92m      Adding[0m rand v0.8.8 [1m[33m(available: v0.10.2)[0m
2026-08-30T09:32:51.8891636Z [1m[92m      Adding[0m reqwest v0.11.27 [1m[33m(available: v0.13.4)[0m
2026-08-30T09:32:51.8960401Z [1m[92m      Adding[0m rubato v0.14.1 [1m[33m(available: v5.0.0)[0m
2026-08-30T09:32:51.9198592Z [1m[92m      Adding[0m sha2 v0.10.9 [1m[33m(available: v0.11.0)[0m
2026-08-30T09:32:51.9233983Z [1m[92m      Adding[0m symphonia v0.5.5 [1m[33m(available: v0.6.1)[0m
2026-08-30T09:32:51.9343734Z [1m[92m      Adding[0m sysinfo v0.31.4 [1m[33m(available: v0.39.6)[0m
2026-08-30T09:32:51.9351237Z [1m[92m      Adding[0m thiserror v1.0.69 [1m[33m(available: v2.0.20)[0m
2026-08-30T09:32:51.9431309Z [1m[92m      Adding[0m tokio-tungstenite v0.21.0 [1m[33m(available: v0.30.0)[0m
2026-08-30T09:32:51.9451781Z [1m[92m      Adding[0m toml v0.8.23 [1m[33m(available: v1.1.4+spec-1.1.0)[0m
2026-08-30T09:32:51.9480265Z [1m[92m      Adding[0m tower v0.4.13 [1m[33m(available: v0.5.3)[0m
2026-08-30T09:32:51.9508445Z [1m[92m      Adding[0m tower-http v0.5.2 [1m[33m(available: v0.7.0)[0m
2026-08-30T09:32:53.4731979Z [1m[92m   Compiling[0m kizuna-voice v0.1.0 (/home/runner/work/Kizunalink/Kizunalink/kizuna-voice)
2026-08-30T09:32:53.8853287Z [1m[91merror[E0425][0m[1m: cannot find value `receive_task` in this scope[0m
2026-08-30T09:32:53.8854524Z    [1m[94m--> [0mkizuna-voice/src/test_harness/fake_gateway.rs:169:40
2026-08-30T09:32:53.8855291Z     [1m[94m|[0m
2026-08-30T09:32:53.8856424Z [1m[94m169[0m [1m[94m|[0m [1m[94m...[0m                   tasks.push(receive_task);
2026-08-30T09:32:53.8857965Z     [1m[94m|[0m                                  [1m[91m^^^^^^^^^^^^[0m
2026-08-30T09:32:53.8858661Z     [1m[94m|[0m
2026-08-30T09:32:53.8859326Z [1m[96mhelp[0m: a local variable with a similar name exists
2026-08-30T09:32:53.8860153Z     [1m[94m|[0m
2026-08-30T09:32:53.8861162Z [1m[94m169[0m [1m[94m| [0m                            tasks.push(receive[92md_in[0m_task);
2026-08-30T09:32:53.8862128Z     [1m[94m|[0m                                               [92m++++[0m
2026-08-30T09:32:53.8862606Z 
2026-08-30T09:32:53.8951357Z [1m[33mwarning[0m[1m: unused import: `MissedTickBehavior`[0m
2026-08-30T09:32:53.8952544Z  [1m[94m--> [0mkizuna-voice/src/audio/scheduler.rs:7:29
2026-08-30T09:32:53.8953098Z   [1m[94m|[0m
2026-08-30T09:32:53.8960867Z [1m[94m7[0m [1m[94m|[0m use tokio::time::{interval, MissedTickBehavior};
2026-08-30T09:32:53.8962147Z   [1m[94m|[0m                             [1m[33m^^^^^^^^^^^^^^^^^^[0m
2026-08-30T09:32:53.8962789Z   [1m[94m|[0m
2026-08-30T09:32:53.8963549Z   [1m[94m= [0m[1mnote[0m: `#[warn(unused_imports)]` (part of `#[warn(unused)]`) on by default
2026-08-30T09:32:53.8964161Z 
2026-08-30T09:32:53.8964772Z [1m[33mwarning[0m[1m: unused imports: `DaveClientMessage` and `DaveGatewayMessage`[0m
2026-08-30T09:32:53.8965791Z  [1m[94m--> [0mkizuna-voice/src/connection/manager.rs:2:29
2026-08-30T09:32:53.8966446Z   [1m[94m|[0m
2026-08-30T09:32:53.8967692Z [1m[94m2[0m [1m[94m|[0m use crate::dave::protocol::{DaveClientMessage, DaveGatewayMessage, DaveSession};
2026-08-30T09:32:53.8968936Z   [1m[94m|[0m                             [1m[33m^^^^^^^^^^^^^^^^^[0m  [1m[33m^^^^^^^^^^^^^^^^^^[0m
2026-08-30T09:32:53.8969462Z 
2026-08-30T09:32:53.8970119Z [1m[33mwarning[0m[1m: unused import: `crate::gateway::payload::SessionDescription`[0m
2026-08-30T09:32:53.8971067Z  [1m[94m--> [0mkizuna-voice/src/connection/manager.rs:4:5
2026-08-30T09:32:53.8971679Z   [1m[94m|[0m
2026-08-30T09:32:53.8972370Z [1m[94m4[0m [1m[94m|[0m use crate::gateway::payload::SessionDescription;
2026-08-30T09:32:53.8973201Z   [1m[94m|[0m     [1m[33m^^^^^^^^^^^^^^^^^^^^^^^^^^^^^^^^^^^^^^^^^^^[0m
2026-08-30T09:32:53.8973618Z 
2026-08-30T09:32:53.8979458Z [1m[33mwarning[0m[1m: unused import: `super::*`[0m
2026-08-30T09:32:53.8980259Z  [1m[94m--> [0mkizuna-voice/src/dave/mod.rs:5:9
2026-08-30T09:32:53.8980869Z   [1m[94m|[0m
2026-08-30T09:32:53.8981452Z [1m[94m5[0m [1m[94m|[0m     use super::*;
2026-08-30T09:32:53.8982067Z   [1m[94m|[0m         [1m[33m^^^^^^^^[0m
2026-08-30T09:32:53.8982417Z 
2026-08-30T09:32:53.8987163Z [1m[33mwarning[0m[1m: unused import: `std::time::Duration`[0m
2026-08-30T09:32:53.8989469Z  [1m[94m--> [0mkizuna-voice/src/gateway/connection.rs:3:5
2026-08-30T09:32:53.8990679Z   [1m[94m|[0m
2026-08-30T09:32:53.8991698Z [1m[94m3[0m [1m[94m|[0m use std::time::Duration;
2026-08-30T09:32:53.8992744Z   [1m[94m|[0m     [1m[33m^^^^^^^^^^^^^^^^^^^[0m
2026-08-30T09:32:53.8993459Z 
2026-08-30T09:32:53.8994749Z [1m[33mwarning[0m[1m: unused import: `tokio::sync::mpsc`[0m
2026-08-30T09:32:53.8995614Z  [1m[94m--> [0mkizuna-voice/src/gateway/connection.rs:5:5
2026-08-30T09:32:53.8996098Z   [1m[94m|[0m
2026-08-30T09:32:53.8996934Z [1m[94m5[0m [1m[94m|[0m use tokio::sync::mpsc;
2026-08-30T09:32:53.8997851Z   [1m[94m|[0m     [1m[33m^^^^^^^^^^^^^^^^^[0m
2026-08-30T09:32:53.8998302Z 
2026-08-30T09:32:53.8999014Z [1m[33mwarning[0m[1m: unused import: `tokio::time`[0m
2026-08-30T09:32:53.8999939Z  [1m[94m--> [0mkizuna-voice/src/gateway/connection.rs:6:5
2026-08-30T09:32:53.9064398Z   [1m[94m|[0m
2026-08-30T09:32:53.9065373Z [1m[94m6[0m [1m[94m|[0m use tokio::time;
2026-08-30T09:32:53.9065950Z   [1m[94m|[0m     [1m[33m^^^^^^^^^^^[0m
2026-08-30T09:32:53.9066241Z 
2026-08-30T09:32:53.9066572Z [1m[33mwarning[0m[1m: unused imports: `error` and `warn`[0m
2026-08-30T09:32:53.9067286Z   [1m[94m--> [0mkizuna-voice/src/gateway/connection.rs:10:22
2026-08-30T09:32:53.9068143Z    [1m[94m|[0m
2026-08-30T09:32:53.9068829Z [1m[94m10[0m [1m[94m|[0m use tracing::{debug, error, info, warn};
2026-08-30T09:32:53.9069654Z    [1m[94m|[0m                      [1m[33m^^^^^[0m        [1m[33m^^^^[0m
2026-08-30T09:32:53.9070110Z 
2026-08-30T09:32:53.9070437Z [1m[33mwarning[0m[1m: unused import: `Value`[0m
2026-08-30T09:32:53.9071223Z  [1m[94m--> [0mkizuna-voice/src/test_harness/fake_gateway.rs:2:24
2026-08-30T09:32:53.9071959Z   [1m[94m|[0m
2026-08-30T09:32:53.9072593Z [1m[94m2[0m [1m[94m|[0m use serde_json::{json, Value};
2026-08-30T09:32:53.9073291Z   [1m[94m|[0m                        [1m[33m^^^^^[0m
2026-08-30T09:32:53.9073690Z 
2026-08-30T09:32:53.9074434Z [1m[33mwarning[0m[1m: unused import: `Value`[0m
2026-08-30T09:32:53.9074942Z  [1m[94m--> [0mkizuna-voice/src/test_harness/fake_gateway.rs:2:24
2026-08-30T09:32:53.9075323Z   [1m[94m|[0m
2026-08-30T09:32:53.9075700Z [1m[94m2[0m [1m[94m|[0m use serde_json::{json, Value};
2026-08-30T09:32:53.9076081Z   [1m[94m|[0m                        [1m[33m^^^^^[0m
2026-08-30T09:32:53.9076421Z   [1m[94m|[0m
2026-08-30T09:32:53.9076889Z [1m[96mhelp[0m: if this is a test module, consider adding a `#[cfg(test)]` to the containing module
2026-08-30T09:32:53.9077764Z  [1m[94m--> [0mkizuna-voice/src/test_harness/mod.rs:1:1
2026-08-30T09:32:53.9078225Z   [1m[94m|[0m
2026-08-30T09:32:53.9078506Z [1m[94m1[0m [1m[94m|[0m pub mod fake_gateway;
2026-08-30T09:32:53.9078870Z   [1m[94m|[0m [1m[96m^^^^^^^^^^^^^^^^^^^^^[0m
2026-08-30T09:32:53.9079061Z 
2026-08-30T09:32:54.5728584Z [1m[33mwarning[0m[1m: value assigned to `state` is never read[0m
2026-08-30T09:32:54.5729930Z   [1m[94m--> [0mkizuna-voice/src/audio/scheduler.rs:62:29
2026-08-30T09:32:54.5730854Z    [1m[94m|[0m
2026-08-30T09:32:54.5731847Z [1m[94m62[0m [1m[94m|[0m [1m[94m...[0m                   state = TrackState::Stopped;
2026-08-30T09:32:54.5732782Z    [1m[94m|[0m                       [1m[33m^^^^^^^^^^^^^^^^^^^^^^^^^^^[0m
2026-08-30T09:32:54.5733413Z    [1m[94m|[0m
2026-08-30T09:32:54.5734025Z    [1m[94m= [0m[1mhelp[0m: maybe it is overwritten before being read?
2026-08-30T09:32:54.5735169Z    [1m[94m= [0m[1mnote[0m: `#[warn(unused_assignments)]` (part of `#[warn(unused)]`) on by default
2026-08-30T09:32:54.5735846Z 
2026-08-30T09:32:54.5736297Z [1m[33mwarning[0m[1m: value assigned to `state` is never read[0m
2026-08-30T09:32:54.5737149Z    [1m[94m--> [0mkizuna-voice/src/audio/scheduler.rs:113:33
2026-08-30T09:32:54.5738088Z     [1m[94m|[0m
2026-08-30T09:32:54.5739165Z [1m[94m113[0m [1m[94m|[0m [1m[94m...[0m                   state = TrackState::Ended;
2026-08-30T09:32:54.5740095Z     [1m[94m|[0m                       [1m[33m^^^^^^^^^^^^^^^^^^^^^^^^^[0m
2026-08-30T09:32:54.5740738Z     [1m[94m|[0m
2026-08-30T09:32:54.5741365Z     [1m[94m= [0m[1mhelp[0m: maybe it is overwritten before being read?
2026-08-30T09:32:54.5741841Z 
2026-08-30T09:32:54.6163450Z [1m[33mwarning[0m[1m: value assigned to `ready_data` is never read[0m
2026-08-30T09:32:54.6164758Z    [1m[94m--> [0mkizuna-voice/src/connection/manager.rs:292:30
2026-08-30T09:32:54.6165584Z     [1m[94m|[0m
2026-08-30T09:32:54.6166804Z [1m[94m292[0m [1m[94m|[0m         let mut ready_data = None;
2026-08-30T09:32:54.6168329Z     [1m[94m|[0m                              [1m[33m^^^^[0m [1m[33mthis value is reassigned later and never used[0m
2026-08-30T09:32:54.6169247Z [1m[94m...[0m
2026-08-30T09:32:54.6169934Z [1m[94m300[0m [1m[94m|[0m                     ready_data = Some(ready);
2026-08-30T09:32:54.6171315Z     [1m[94m|[0m                     [1m[94m----------[0m [1m[94m`ready_data` is overwritten here before the previous value is read[0m
2026-08-30T09:32:54.6172155Z 
2026-08-30T09:32:54.7744716Z [1mFor more information about this error, try `rustc --explain E0425`.[0m
2026-08-30T09:32:54.7829719Z [1m[33mwarning[0m: `kizuna-voice` (lib) generated 11 warnings (6 duplicates)
2026-08-30T09:32:54.7830525Z [1m[91merror[0m: could not compile `kizuna-voice` (lib) due to 1 previous error; 11 warnings emitted
2026-08-30T09:32:54.7831217Z [1m[33mwarning[0m: build failed, waiting for other jobs to finish...
2026-08-30T09:32:54.7841114Z [1m[33mwarning[0m: `kizuna-voice` (lib test) generated 12 warnings (4 duplicates)
2026-08-30T09:32:54.7842121Z [1m[91merror[0m: could not compile `kizuna-voice` (lib test) due to 1 previous error; 12 warnings emitted
2026-08-30T09:32:54.8855695Z ##[error]Process completed with exit code 101.
2026-08-30T09:32:54.9006458Z Node 20 is being deprecated. This workflow is running with Node 24 by default. If you need to temporarily use Node 20, you can set the ACTIONS_ALLOW_USE_UNSECURE_NODE_VERSION=true environment variable. For more information see: https://github.blog/changelog/2025-09-19-deprecation-of-node-20-on-github-actions-runners/
2026-08-30T09:32:54.9008120Z Post job cleanup.
2026-08-30T09:32:54.9948417Z [command]/usr/bin/git version
2026-08-30T09:32:54.9978365Z git version 2.55.0
2026-08-30T09:32:55.0038789Z Temporarily overriding HOME='/home/runner/work/_temp/a815a42c-b6c0-49e8-af74-7f254d789b2e' before making global git config changes
2026-08-30T09:32:55.0040478Z Adding repository directory to the temporary git global config as a safe directory
2026-08-30T09:32:55.0041726Z [command]/usr/bin/git config --global --add safe.directory /home/runner/work/Kizunalink/Kizunalink
2026-08-30T09:32:55.0071253Z [command]/usr/bin/git config --local --name-only --get-regexp core\.sshCommand
2026-08-30T09:32:55.0110035Z [command]/usr/bin/git submodule foreach --recursive sh -c "git config --local --name-only --get-regexp 'core\.sshCommand' && git config --local --unset-all 'core.sshCommand' || :"
2026-08-30T09:32:55.0374286Z [command]/usr/bin/git config --local --name-only --get-regexp http\.https\:\/\/github\.com\/\.extraheader
2026-08-30T09:32:55.0414809Z http.https://github.com/.extraheader
2026-08-30T09:32:55.0431884Z [command]/usr/bin/git config --local --unset-all http.https://github.com/.extraheader
2026-08-30T09:32:55.0471628Z [command]/usr/bin/git submodule foreach --recursive sh -c "git config --local --name-only --get-regexp 'http\.https\:\/\/github\.com\/\.extraheader' && git config --local --unset-all 'http.https://github.com/.extraheader' || :"
2026-08-30T09:32:55.0744874Z [command]/usr/bin/git config --local --name-only --get-regexp ^includeIf\.gitdir:
2026-08-30T09:32:55.0786857Z [command]/usr/bin/git submodule foreach --recursive git config --local --show-origin --name-only --get-regexp remote.origin.url
2026-08-30T09:32:55.1183428Z Cleaning up orphan processes
2026-08-30T09:32:55.1597938Z ##[warning]Node.js 20 is deprecated. The following actions target Node.js 20 but are being forced to run on Node.js 24: actions/checkout@v4. For more information see: https://github.blog/changelog/2025-09-19-deprecation-of-node-20-on-github-actions-runners/
